app/actions/delete-session.ts(54,9): error TS2554: Expected 2 arguments, but got 1.
app/actions/update-batch.ts(51,9): error TS2554: Expected 2 arguments, but got 1.
